Initializing SQLite database with bun:sqlite...
Database initialized successfully.
Server listening at http://localhost:3001
[Backend] GET /api/user/f2720629-f82d-493c-8ee4-a643049ebba2
[Backend] Fetching user by ID: f2720629-f82d-493c-8ee4-a643049ebba2
[Backend] User not found: f2720629-f82d-493c-8ee4-a643049ebba2
[Backend] GET /api/user/f2720629-f82d-493c-8ee4-a643049ebba2
[Backend] Fetching user by ID: f2720629-f82d-493c-8ee4-a643049ebba2
[Backend] User not found: f2720629-f82d-493c-8ee4-a643049ebba2
[Backend] GET /api/journal/today
[Backend] GET /api/dashboard/today
[Backend] GET /api/avatars
[Backend] GET /api/avatars
[Backend] GET /api/avatars
[Backend] GET /api/avatars
[Backend] GET /api/avatars
[Backend] GET /api/avatars
[Backend] GET /api/avatars
[Backend] GET /api/avatars
[Backend] GET /api/avatars
[Backend] GET /api/avatars
[Backend] GET /api/avatars
[Backend] GET /api/avatars
[Backend] GET /api/avatars
[Backend] GET /api/avatars
[Backend] GET /api/avatars
[Backend] GET /api/avatars
[Backend] GET /api/avatars
[Backend] GET /api/avatars
[Backend] GET /api/avatars
[Backend] GET /api/avatars
[Backend] GET /api/avatars
[Backend] GET /api/avatars
[Backend] GET /api/avatars
[Backend] GET /api/avatars
[Backend] GET /api/avatars
[Backend] GET /api/avatars
[Backend] GET /api/avatars
[Backend] GET /api/avatars
[Backend] GET /api/avatars
[Backend] GET /api/avatars
[Backend] GET /api/avatars
[Backend] GET /api/avatars
[Backend] GET /api/avatars
[Backend] GET /api/avatars
[Backend] GET /api/avatars
[Backend] GET /api/avatars
[Backend] GET /api/avatars
[Backend] GET /api/avatars
